// Jest Snapshot v1, https://goo.gl/fbAQLP

exports[`render renders the <P> component 1`] = `"<!DOCTYPE htmlPUBLIC \\"-//W3C//DTD XHTML 1.0 Transitional//EN\\" \\"http://www.w3.org/TR/xhtml1/DTD/xhtml1-transitional.dtd\\"><p style=\\"color:#000;font-family:-apple-system, BlinkMacSystemFont, &#x27;Segoe UI&#x27;, &#x27;Roboto&#x27;, &#x27;Oxygen&#x27;, &#x27;Ubuntu&#x27;, &#x27;Cantarell&#x27;, &#x27;Fira Sans&#x27;, &#x27;Droid Sans&#x27;, &#x27;Helvetica Neue&#x27;, sans-serif;font-size:14px;line-height:24px\\">Lorem ipsum</p>"`;
